// Jest Snapshot v1, https://goo.gl/fbAQLP

exports[`PostListComponent should match snapshot 1`] = `
<div
  id="root0"
>
  <div
    class="grid grid-flow-row"
  >
    
    <article
      class="border-red-500 border-2 rounded-md bg-white p-4 mb-2 grid grid-cols-4 gap-2 cursor-pointer"
    >
      <div
        class="col-span-1"
      >
         1 1 
      </div>
      <div
        class="col-span-3"
      >
        <div
          class="text-lg text-pink-700 font-semibold"
        >
           title 
        </div>
        <div>
           body 
        </div>
      </div>
    </article>
  </div>
</div>
`;
